2026-09-24 17:26:38,941 main WARN Advanced terminal features are not available in this environment
[17:26:39] [main/INFO] [cp.mo.mo.Launcher/MODLAUNCHER]: ModLauncher running: args [--username, SevenZeroMeow, --version, 1.20.1-Forge_47.4.23-2, --gameDir, C:\Users\Administrator\Desktop\.minecraft\versions\1.20.1-Forge_47.4.23-2, --assetsDir, C:\Users\Administrator\Desktop\.minecraft\assets, --assetIndex, 5, --uuid, 9aee969cf27a4c10ad6547cc3566e571, --accessToken, ????????, --clientId, ${clientid}, --xuid, ${auth_xuid}, --userType, msa, --versionType, PCLCE, --width, 854, --height, 480, --launchTarget, forgeclient, --fml.forgeVersion, 47.4.23, --fml.mcVersion, 1.20.1, --fml.forgeGroup, net.minecraftforge, --fml.mcpVersion, 20230612.114412]
[17:26:39] [main/INFO] [cp.mo.mo.Launcher/MODLAUNCHER]: ModLauncher 10.0.9+10.0.9+main.dcd20f30 starting: java version 17.0.15 by Eclipse Adoptium; OS Windows 11 arch amd64 version 10.0
Exception in thread "main" cpw.mods.niofs.union.UnionFileSystem$UncheckedIOException: java.util.zip.ZipException: invalid CEN header (bad signature)
Caused by: java.util.zip.ZipException: invalid CEN header (bad signature)
	at jdk.zipfs/jdk.nio.zipfs.ZipFileSystem.initCEN(ZipFileSystem.java:1562)
	at jdk.zipfs/jdk.nio.zipfs.ZipFileSystem.<init>(ZipFileSystem.java:179)
	at jdk.zipfs/jdk.nio.zipfs.ZipFileSystemProvider.getZipFileSystem(ZipFileSystemProvider.java:125)
	at jdk.zipfs/jdk.nio.zipfs.ZipFileSystemProvider.newFileSystem(ZipFileSystemProvider.java:120)
	at java.base/java.nio.file.FileSystems.newFileSystem(FileSystems.java:528)
	at java.base/java.nio.file.FileSystems.newFileSystem(FileSystems.java:475)
	at cpw.mods.securejarhandler/cpw.mods.niofs.union.UnionFileSystem.openFileSystem(UnionFileSystem.java:136)
	at java.base/java.util.stream.ReferencePipeline$3$1.accept(ReferencePipeline.java:197)
	at java.base/java.util.stream.ReferencePipeline$2$1.accept(ReferencePipeline.java:179)
	at java.base/java.util.AbstractList$RandomAccessSpliterator.forEachRemaining(AbstractList.java:720)
	at java.base/java.util.stream.AbstractPipeline.copyInto(AbstractPipeline.java:509)
	at java.base/java.util.stream.AbstractPipeline.wrapAndCopyInto(AbstractPipeline.java:499)
	at java.base/java.util.stream.ReduceOps$ReduceOp.evaluateSequential(ReduceOps.java:921)
	at java.base/java.util.stream.AbstractPipeline.evaluate(AbstractPipeline.java:234)
	at java.base/java.util.stream.ReferencePipeline.collect(ReferencePipeline.java:682)
	at cpw.mods.securejarhandler/cpw.mods.niofs.union.UnionFileSystem.<init>(UnionFileSystem.java:131)
	at cpw.mods.securejarhandler/cpw.mods.niofs.union.UnionFileSystemProvider.newFileSystemInternal(UnionFileSystemProvider.java:115)
	at cpw.mods.securejarhandler/cpw.mods.niofs.union.UnionFileSystemProvider.newFileSystem(UnionFileSystemProvider.java:105)
	at cpw.mods.securejarhandler/cpw.mods.jarhandling.impl.Jar.<init>(Jar.java:84)
	at cpw.mods.securejarhandler/cpw.mods.jarhandling.SecureJar.from(SecureJar.java:70)
	at cpw.mods.securejarhandler/cpw.mods.jarhandling.SecureJar.from(SecureJar.java:66)
	at cpw.mods.securejarhandler/cpw.mods.jarhandling.SecureJar.from(SecureJar.java:58)
	at cpw.mods.securejarhandler/cpw.mods.jarhandling.SecureJar.from(SecureJar.java:50)
	at MC-BOOTSTRAP/fmlloader@1.20.1-47.4.23/net.minecraftforge.fml.loading.ModDirTransformerDiscoverer.visitFile(ModDirTransformerDiscoverer.java:77)
	at java.base/java.util.stream.ForEachOps$ForEachOp$OfRef.accept(ForEachOps.java:183)
	at java.base/java.util.stream.ReferencePipeline$3$1.accept(ReferencePipeline.java:197)
	at java.base/java.util.Iterator.forEachRemaining(Iterator.java:133)
	at java.base/java.util.Spliterators$IteratorSpliterator.forEachRemaining(Spliterators.java:1845)
	at java.base/java.util.stream.AbstractPipeline.copyInto(AbstractPipeline.java:509)
	at java.base/java.util.stream.AbstractPipeline.wrapAndCopyInto(AbstractPipeline.java:499)
	at java.base/java.util.stream.ForEachOps$ForEachOp.evaluateSequential(ForEachOps.java:150)
	at java.base/java.util.stream.ForEachOps$ForEachOp$OfRef.evaluateSequential(ForEachOps.java:173)
	at java.base/java.util.stream.AbstractPipeline.evaluate(AbstractPipeline.java:234)
	at java.base/java.util.stream.ReferencePipeline.forEach(ReferencePipeline.java:596)
	at MC-BOOTSTRAP/fmlloader@1.20.1-47.4.23/net.minecraftforge.fml.loading.ModDirTransformerDiscoverer.scan(ModDirTransformerDiscoverer.java:66)
	at MC-BOOTSTRAP/fmlloader@1.20.1-47.4.23/net.minecraftforge.fml.loading.ModDirTransformerDiscoverer.candidates(ModDirTransformerDiscoverer.java:49)
	at MC-BOOTSTRAP/fmlloader@1.20.1-47.4.23/net.minecraftforge.fml.loading.ModDirTransformerDiscoverer.candidates(ModDirTransformerDiscoverer.java:39)
	at MC-BOOTSTRAP/cpw.mods.modlauncher@10.0.9/cpw.mods.modlauncher.TransformationServicesHandler.lambda$discoverServices$14(TransformationServicesHandler.java:125)
	at java.base/java.util.stream.ReferencePipeline$3$1.accept(ReferencePipeline.java:197)
	at java.base/java.util.AbstractList$RandomAccessSpliterator.forEachRemaining(AbstractList.java:720)
	at java.base/java.util.stream.AbstractPipeline.copyInto(AbstractPipeline.java:509)
	at java.base/java.util.stream.AbstractPipeline.wrapAndCopyInto(AbstractPipeline.java:499)
	at java.base/java.util.stream.AbstractPipeline.evaluate(AbstractPipeline.java:575)
	at java.base/java.util.stream.AbstractPipeline.evaluateToArrayNode(AbstractPipeline.java:260)
	at java.base/java.util.stream.ReferencePipeline.toArray(ReferencePipeline.java:616)
	at java.base/java.util.stream.ReferencePipeline.toArray(ReferencePipeline.java:622)
	at java.base/java.util.stream.ReferencePipeline.toList(ReferencePipeline.java:627)
	at MC-BOOTSTRAP/cpw.mods.modlauncher@10.0.9/cpw.mods.modlauncher.TransformationServicesHandler.discoverServices(TransformationServicesHandler.java:127)
	at MC-BOOTSTRAP/cpw.mods.modlauncher@10.0.9/cpw.mods.modlauncher.Launcher.run(Launcher.java:87)
	at MC-BOOTSTRAP/cpw.mods.modlauncher@10.0.9/cpw.mods.modlauncher.Launcher.main(Launcher.java:78)
	at MC-BOOTSTRAP/cpw.mods.modlauncher@10.0.9/cpw.mods.modlauncher.BootstrapLaunchConsumer.accept(BootstrapLaunchConsumer.java:26)
	at MC-BOOTSTRAP/cpw.mods.modlauncher@10.0.9/cpw.mods.modlauncher.BootstrapLaunchConsumer.accept(BootstrapLaunchConsumer.java:23)
	at cpw.mods.bootstraplauncher@1.1.2/cpw.mods.bootstraplauncher.BootstrapLauncher.main(BootstrapLauncher.java:141)
